[01:03:50] [main/INFO] (FabricLoader/GameProvider) Loading Minecraft 1.21.1 with Fabric Loader 0.19.5
[01:03:50] [main/INFO] (FabricLoader) Loading 58 mods:
	- chitty 1.0.0
	- fabric-api 0.116.17+1.21.1
	- fabric-api-base 0.4.42+6573ed8c19
	- fabric-api-lookup-api-v1 1.6.72+7b3d111d19
	- fabric-biome-api-v1 13.0.31+d527f9fd19
	- fabric-block-api-v1 1.1.0+0bc3503219
	- fabric-block-view-api-v2 1.0.11+ebb2264e19
	- fabric-blockrenderlayer-v1 1.1.52+0af3f5a719
	- fabric-client-tags-api-v1 1.2.0+1eb36c0719
	- fabric-command-api-v1 1.2.49+f71b366f19
	- fabric-command-api-v2 2.2.28+6ced4dd919
	- fabric-commands-v0 0.2.66+df3654b319
	- fabric-content-registries-v0 8.0.19+b559734419
	- fabric-convention-tags-v1 2.1.7+7f945d5b19
	- fabric-convention-tags-v2 2.12.0+c3656daa19
	- fabric-crash-report-info-v1 0.2.29+0af3f5a719
	- fabric-data-attachment-api-v1 1.4.7+5b36e0f719
	- fabric-data-generation-api-v1 20.3.0+1eb36c0719
	- fabric-dimensions-v1 4.0.1+65213ef819
	- fabric-entity-events-v1 1.8.0+2b27e0a419
	- fabric-events-interaction-v0 0.7.14+ba9dae0619
	- fabric-game-rule-api-v1 1.0.53+6ced4dd919
	- fabric-gametest-api-v1 2.0.5+6fc22b9919
	- fabric-item-api-v1 11.3.0+467044f319
	- fabric-item-group-api-v1 4.1.7+def88e3a19
	- fabric-key-binding-api-v1 1.0.47+0af3f5a719
	- fabric-keybindings-v0 0.2.45+df3654b319
	- fabric-lifecycle-events-v1 2.6.0+0865547519
	- fabric-loot-api-v2 3.0.15+3f89f5a519
	- fabric-loot-api-v3 1.0.3+3f89f5a519
	- fabric-message-api-v1 6.0.14+8aaf3aca19
	- fabric-model-loading-api-v1 2.1.0+b4d813fc19
	- fabric-networking-api-v1 4.3.1+d30f6a7919
	- fabric-object-builder-api-v1 15.2.1+40875a9319
	- fabric-particles-v1 4.0.2+6573ed8c19
	- fabric-recipe-api-v1 5.0.16+2475392c19
	- fabric-registry-sync-v0 5.3.2+e3eddc2119
	- fabric-renderer-api-v1 3.4.1+b4d813fc19
	- fabric-renderer-indigo 1.7.1+c705a49c19
	- fabric-renderer-registries-v1 3.2.71+df3654b319
	- fabric-rendering-data-attachment-v1 0.3.49+73761d2e19
	- fabric-rendering-fluids-v1 3.1.6+1daea21519
	- fabric-rendering-v0 1.1.74+df3654b319
	- fabric-rendering-v1 5.2.1+f44c2eea19
	- fabric-resource-conditions-api-v1 4.3.0+8dc279b119
	- fabric-resource-loader-v0 1.3.1+5b5275af19
	- fabric-screen-api-v1 2.0.26+639b4c0719
	- fabric-screen-handler-api-v1 1.3.91+b559734419
	- fabric-sound-api-v1 1.0.23+6573ed8c19
	- fabric-tag-api-v1 1.3.0+1eb36c0719
	- fabric-transfer-api-v1 5.4.4+7b3d111d19
	- fabric-transitive-access-wideners-v1 6.2.0+45b9699719
	- fabricloader 0.19.5
	- java 21
	- minecraft 1.21.1
	- mixinextras 0.5.5
	- shootingstar 1.0.0
	- shootingstar-gametest 1.0.0
[01:03:50] [main/INFO] (FabricLoader/Mixin) SpongePowered MIXIN Subsystem Version=0.8.7 Source=file:/home/runner/.gradle/caches/modules-2/files-2.1/net.fabricmc/sponge-mixin/0.17.4+mixin.0.8.7/5f66cc9f59b8efaa942155a3d5a30599bf6640dd/sponge-mixin-0.17.4+mixin.0.8.7.jar Service=Knot/Fabric Env=CLIENT
[01:03:51] [main/INFO] (FabricLoader/Mixin) Loaded Fabric development mappings for mixin remapper!
[01:03:52] [main/INFO] (FabricLoader/MixinExtras|Service) Initializing MixinExtras via com.llamalad7.mixinextras.service.MixinExtrasServiceImpl(version=0.5.5).
[01:03:53] [Datafixer Bootstrap/INFO] (Minecraft) 226 Datafixer optimizations took 371 milliseconds
[01:03:59] [Render thread/INFO] (Minecraft) Environment: Environment[sessionHost=https://sessionserver.mojang.com, servicesHost=https://api.minecraftservices.com, name=PROD]
[01:03:59] [Render thread/INFO] (Minecraft) Setting user: Player962
[01:03:59] [Render thread/INFO] (shootingstar) SS-03 Gungnir online
[01:03:59] [Render thread/ERROR] (Minecraft) No data fixer registered for chitty
[01:03:59] [Render thread/INFO] (Indigo) [Indigo] Registering Indigo renderer!
[01:04:00] [Render thread/INFO] (Minecraft) Backend library: LWJGL version 3.3.3-snapshot
[01:04:06] [Render thread/INFO] (Minecraft) Reloading ResourceManager: vanilla, fabric, chitty, fabric-api, fabric-api-base, fabric-api-lookup-api-v1, fabric-biome-api-v1, fabric-block-api-v1, fabric-block-view-api-v2, fabric-blockrenderlayer-v1, fabric-client-tags-api-v1, fabric-command-api-v1, fabric-command-api-v2, fabric-commands-v0, fabric-content-registries-v0, fabric-convention-tags-v1, fabric-convention-tags-v2, fabric-crash-report-info-v1, fabric-data-attachment-api-v1, fabric-data-generation-api-v1, fabric-dimensions-v1, fabric-entity-events-v1, fabric-events-interaction-v0, fabric-game-rule-api-v1, fabric-gametest-api-v1, fabric-item-api-v1, fabric-item-group-api-v1, fabric-key-binding-api-v1, fabric-keybindings-v0, fabric-lifecycle-events-v1, fabric-loot-api-v2, fabric-loot-api-v3, fabric-message-api-v1, fabric-model-loading-api-v1, fabric-networking-api-v1, fabric-object-builder-api-v1, fabric-particles-v1, fabric-recipe-api-v1, fabric-registry-sync-v0, fabric-renderer-api-v1, fabric-renderer-indigo, fabric-renderer-registries-v1, fabric-rendering-data-attachment-v1, fabric-rendering-fluids-v1, fabric-rendering-v0, fabric-rendering-v1, fabric-resource-conditions-api-v1, fabric-resource-loader-v0, fabric-screen-api-v1, fabric-screen-handler-api-v1, fabric-sound-api-v1, fabric-tag-api-v1, fabric-transfer-api-v1, fabric-transitive-access-wideners-v1, fabricloader, shootingstar
[01:04:06] [Worker-Main-1/INFO] (Minecraft) Found unifont_all_no_pua-15.1.05.hex, loading
[01:04:06] [Worker-Main-1/INFO] (Minecraft) Found unifont_jp_patch-15.1.05.hex, loading
[01:04:08] [Render thread/WARN] (Minecraft) Missing sound for event: minecraft:item.goat_horn.play
[01:04:08] [Render thread/WARN] (Minecraft) Missing sound for event: minecraft:entity.goat.screaming.horn_break
[01:04:08] [Render thread/ERROR] (Minecraft) Error starting SoundSystem. Turning off sounds & music
java.lang.IllegalStateException: Failed to open OpenAL device
	at knot/net.minecraft.client.sound.SoundEngine.openDeviceOrFallback(SoundEngine.java:302) ~[minecraft-clientOnly-f556725616-1.21.1-net.fabricmc.yarn.1_21_1.1.21.1+build.3-v2.jar:?]
	at knot/net.minecraft.client.sound.SoundEngine.init(SoundEngine.java:154) ~[minecraft-clientOnly-f556725616-1.21.1-net.fabricmc.yarn.1_21_1.1.21.1+build.3-v2.jar:?]
	at knot/net.minecraft.client.sound.SoundSystem.start(SoundSystem.java:116) ~[minecraft-clientOnly-f556725616-1.21.1-net.fabricmc.yarn.1_21_1.1.21.1+build.3-v2.jar:?]
	at knot/net.minecraft.client.sound.SoundSystem.reloadSounds(SoundSystem.java:106) ~[minecraft-clientOnly-f556725616-1.21.1-net.fabricmc.yarn.1_21_1.1.21.1+build.3-v2.jar:?]
	at knot/net.minecraft.client.sound.SoundManager.apply(SoundManager.java:128) ~[minecraft-clientOnly-f556725616-1.21.1-net.fabricmc.yarn.1_21_1.1.21.1+build.3-v2.jar:?]
	at knot/net.minecraft.client.sound.SoundManager.apply(SoundManager.java:42) ~[minecraft-clientOnly-f556725616-1.21.1-net.fabricmc.yarn.1_21_1.1.21.1+build.3-v2.jar:?]
	at knot/net.minecraft.resource.SinglePreparationResourceReloader.method_18790(SinglePreparationResourceReloader.java:13) ~[minecraft-common-f556725616-1.21.1-net.fabricmc.yarn.1_21_1.1.21.1+build.3-v2.jar:?]
	at java.base/java.util.concurrent.CompletableFuture$UniAccept.tryFire(CompletableFuture.java:718) ~[?:?]
	at java.base/java.util.concurrent.CompletableFuture$Completion.run(CompletableFuture.java:482) ~[?:?]
	at knot/net.minecraft.resource.SimpleResourceReload.method_18365(SimpleResourceReload.java:69) ~[minecraft-common-f556725616-1.21.1-net.fabricmc.yarn.1_21_1.1.21.1+build.3-v2.jar:?]
	at knot/net.minecraft.util.thread.ThreadExecutor.executeTask(ThreadExecutor.java:162) [minecraft-common-f556725616-1.21.1-net.fabricmc.yarn.1_21_1.1.21.1+build.3-v2.jar:?]
	at knot/net.minecraft.util.thread.ReentrantThreadExecutor.executeTask(ReentrantThreadExecutor.java:23) [minecraft-common-f556725616-1.21.1-net.fabricmc.yarn.1_21_1.1.21.1+build.3-v2.jar:?]
	at knot/net.minecraft.util.thread.ThreadExecutor.runTask(ThreadExecutor.java:136) [minecraft-common-f556725616-1.21.1-net.fabricmc.yarn.1_21_1.1.21.1+build.3-v2.jar:?]
	at knot/net.minecraft.util.thread.ThreadExecutor.runTasks(ThreadExecutor.java:121) [minecraft-common-f556725616-1.21.1-net.fabricmc.yarn.1_21_1.1.21.1+build.3-v2.jar:?]
	at knot/net.minecraft.client.MinecraftClient.render(MinecraftClient.java:1240) [minecraft-clientOnly-f556725616-1.21.1-net.fabricmc.yarn.1_21_1.1.21.1+build.3-v2.jar:?]
	at knot/net.minecraft.client.MinecraftClient.run(MinecraftClient.java:882) [minecraft-clientOnly-f556725616-1.21.1-net.fabricmc.yarn.1_21_1.1.21.1+build.3-v2.jar:?]
	at knot/net.minecraft.client.main.Main.main(Main.java:256) [minecraft-clientOnly-f556725616-1.21.1-net.fabricmc.yarn.1_21_1.1.21.1+build.3-v2.jar:?]
	at net.fabricmc.loader.impl.game.minecraft.MinecraftGameProvider.launch(MinecraftGameProvider.java:517) [fabric-loader-0.19.5.jar:?]
	at net.fabricmc.loader.impl.launch.knot.Knot.launch(Knot.java:72) [fabric-loader-0.19.5.jar:?]
	at net.fabricmc.loader.impl.launch.knot.KnotClient.main(KnotClient.java:23) [fabric-loader-0.19.5.jar:?]
	at net.fabricmc.devlaunchinjector.Main.main(Main.java:86) [dev-launch-injector-0.2.1+build.8.jar:?]
[01:04:08] [Render thread/INFO] (Minecraft) Created: 1024x512x4 minecraft:textures/atlas/blocks.png-atlas
[01:04:08] [Render thread/INFO] (Minecraft) Created: 256x256x4 minecraft:textures/atlas/signs.png-atlas
[01:04:08] [Render thread/INFO] (Minecraft) Created: 512x512x4 minecraft:textures/atlas/banner_patterns.png-atlas
[01:04:08] [Render thread/INFO] (Minecraft) Created: 512x512x4 minecraft:textures/atlas/shield_patterns.png-atlas
[01:04:08] [Render thread/INFO] (Minecraft) Created: 1024x1024x4 minecraft:textures/atlas/armor_trims.png-atlas
[01:04:08] [Render thread/INFO] (Minecraft) Created: 256x256x4 minecraft:textures/atlas/chest.png-atlas
[01:04:08] [Render thread/INFO] (Minecraft) Created: 128x64x4 minecraft:textures/atlas/decorated_pot.png-atlas
[01:04:08] [Render thread/INFO] (Minecraft) Created: 512x256x4 minecraft:textures/atlas/shulker_boxes.png-atlas
[01:04:08] [Render thread/INFO] (Minecraft) Created: 512x256x4 minecraft:textures/atlas/beds.png-atlas
[01:04:09] [Render thread/INFO] (Minecraft) Created: 512x256x0 minecraft:textures/atlas/particles.png-atlas
[01:04:09] [Render thread/INFO] (Minecraft) Created: 512x256x0 minecraft:textures/atlas/paintings.png-atlas
[01:04:09] [Render thread/INFO] (Minecraft) Created: 256x128x0 minecraft:textures/atlas/mob_effects.png-atlas
[01:04:09] [Render thread/INFO] (Minecraft) Created: 64x64x0 minecraft:textures/atlas/map_decorations.png-atlas
[01:04:09] [Render thread/INFO] (Minecraft) Created: 1024x512x0 minecraft:textures/atlas/gui.png-atlas
[01:04:09] [Render thread/WARN] (Minecraft) Shader rendertype_entity_translucent_emissive could not find sampler named Sampler2 in the specified shader program.
[01:04:09] [Render thread/WARN] (Minecraft) Shader shootingstar:ss_ground could not find uniform named Time in the specified shader program.
[01:04:11] [Render thread/INFO] (Minecraft) Loaded 1294 recipes
[01:04:11] [Render thread/INFO] (Minecraft) Loaded 1420 advancements
[01:04:12] [Render thread/INFO] (BiomeModificationImpl) Applied 0 biome modifications to 0 of 64 new biomes in 1.380 ms
[01:04:12] [Server thread/INFO] (Minecraft) Starting integrated minecraft server version 1.21.1
[01:04:12] [Server thread/INFO] (Minecraft) Generating keypair
[01:04:16] [Server thread/INFO] (Minecraft) Preparing start region for dimension minecraft:overworld
[01:04:17] [Render thread/INFO] (Minecraft) Preparing spawn area: 0%
[01:04:17] [Render thread/INFO] (Minecraft) Preparing spawn area: 0%
[01:04:17] [Server thread/INFO] (Minecraft) Changing view distance to 12, from 10
[01:04:17] [Server thread/INFO] (Minecraft) Changing simulation distance to 8, from 0
[01:04:18] [Render thread/INFO] (Minecraft) Time elapsed: 1160 ms
[01:04:19] [Server thread/INFO] (Minecraft) Player962[local:E:4353f95c] logged in with entity id 3 at (-6.5, 119.0, -3.5)
[01:04:19] [Server thread/INFO] (Minecraft) Player962 joined the game
[01:04:19] [Render thread/INFO] (Minecraft) Loaded 2 advancements
[01:04:19] [Render thread/INFO] (shootingstar) [selftest] joined world
[01:04:46] [Render thread/INFO] (shootingstar) [selftest] screenshot 00_hammer_third_person.png
[01:04:47] [Render thread/INFO] (shootingstar) [selftest] screenshot 00_holding_mjolnir.png
[01:04:47] [Render thread/INFO] (shootingstar) [capture] started into /home/runner/work/loft/loft/build/selftest/capture
[01:04:48] [Server thread/INFO] (shootingstar) [selftest] standing at 0.5 112 0.5, aiming at BlockPos{x=126, y=93, z=0}
[01:04:48] [Server thread/INFO] (shootingstar) [selftest] zombie set out at BlockPos{x=95, y=87, z=-8}
[01:04:48] [Server thread/INFO] (shootingstar) [selftest] zombie set out at BlockPos{x=76, y=79, z=14}
[01:04:48] [Server thread/INFO] (shootingstar) [selftest] creeper set out at BlockPos{x=49, y=93, z=-10}
[01:04:48] [Server thread/INFO] (shootingstar) [selftest] pig set out at BlockPos{x=56, y=82, z=22}
[01:04:48] [Server thread/INFO] (shootingstar) [selftest] villager set out at BlockPos{x=42, y=94, z=6}
[01:04:48] [Server thread/WARN] (Minecraft) Can't keep up! Is the server overloaded? Running 25394ms or 507 ticks behind
[01:04:48] [Server thread/INFO] (Minecraft) Player962 has made the advancement [Shooting Star]
[01:04:48] [Render thread/INFO] (Minecraft) [System] [CHAT] Player962 has made the advancement [Shooting Star]
[01:04:48] [Render thread/INFO] (Minecraft) Loaded 10 advancements
[01:04:49] [Render thread/INFO] (shootingstar) [probe] 0.50s after cam 0.5 113.6 0.5 yaw -90 pitch 9 | ground 112 | nearest 0.80 | player 0.5 112.0 0.5 (0 away)
[01:04:50] [Render thread/INFO] (shootingstar) [perf] age -1 | server.tick 15.35/158.02 ms (125)  world 33.11/424.82 ms (450)  | light pending client true server false | pC: 063, pU: 08, aB: 00 | particles 0
[01:04:51] [Render thread/INFO] (shootingstar) [probe] 1.00s after cam 0.5 113.6 0.5 yaw -90 pitch 9 | ground 112 | nearest 0.80 | player 0.5 112.0 0.5 (0 away)
[01:04:52] [Render thread/INFO] (shootingstar) [selftest] raising Mjölnir
[01:04:52] [Server thread/INFO] (Minecraft) Player962 has made the advancement [Worthy]
[01:04:52] [Server thread/INFO] (shootingstar) Mjölnir raised #1 at 125, 93, 0 in minecraft:overworld
[01:04:52] [Render thread/INFO] (Minecraft) [System] [CHAT] Player962 has made the advancement [Worthy]
[01:04:52] [Render thread/INFO] (shootingstar) [selftest] storm called
[01:04:52] [Render thread/INFO] (shootingstar) [probe] 1.50s after cam 0.5 113.6 0.5 yaw -90 pitch 9 | ground 112 | nearest 0.80 | player 0.5 112.0 0.5 (0 away)
[01:04:52] [Render thread/INFO] (Minecraft) Loaded 12 advancements
[01:04:53] [Render thread/INFO] (shootingstar) [selftest] screenshot 01_age004_raise.png
[01:04:54] [Render thread/INFO] (shootingstar) [selftest] screenshot 02_age010_raise.png
[01:04:54] [Render thread/INFO] (shootingstar) [perf] age 11 | server.tick 15.15/41.17 ms (20)  world 73.45/129.64 ms (30)  thunder.storm 0.03/0.07 ms (15)  thunder.dust 0.02/0.05 ms (15)  thunder.rings 0.01/0.01 ms (15)  thunder.grade 0.00/0.01 ms (15)  | light pending client true server false | pC: 053, pU: 07, aB: 00 | particles 0
[01:04:54] [Render thread/INFO] (shootingstar) [probe] 2.00s after cam 0.5 113.6 0.5 yaw -90 pitch 9 | ground 112 | nearest 0.80 | player 0.5 112.0 0.5 (0 away)
[01:04:55] [Render thread/INFO] (shootingstar) [selftest] screenshot 03_age016_call.png
[01:04:57] [Render thread/INFO] (shootingstar) [selftest] screenshot 04_age018_call.png
[01:04:58] [Render thread/INFO] (shootingstar) [selftest] screenshot 05_age021_call.png
[01:04:58] [Render thread/INFO] (shootingstar) [probe] 2.50s after cam 0.5 113.6 0.5 yaw -90 pitch -5 | ground 112 | nearest 0.80 | player 0.5 112.0 0.5 (0 away)
[01:05:00] [Render thread/INFO] (shootingstar) [selftest] screenshot 06_age026_call.png
[01:05:01] [Render thread/INFO] (shootingstar) [perf] age 31 | server.tick 14.60/27.21 ms (20)  world 199.81/1420.65 ms (30)  thunder.storm 29.83/279.35 ms (30)  thunder.dust 0.01/0.03 ms (30)  thunder.rings 5.26/61.68 ms (12)  thunder.grade 22.91/639.34 ms (30)  thunder.light 40.67/416.27 ms (18)  thunder.bloom 80.98/252.11 ms (18)  | light pending client true server false | pC: 984, pU: 06, aB: 00 | particles 0
[01:05:01] [Render thread/INFO] (shootingstar) [probe] 3.00s after cam 1.5 113.8 0.5 yaw -90 pitch -28 | ground 111 | nearest 1.04 | player 0.5 112.0 0.5 (1 away)
[01:05:02] [Render thread/INFO] (shootingstar) [selftest] screenshot 07_age034_rise.png
[01:05:04] [Render thread/INFO] (shootingstar) [probe] 3.50s after cam 57.2 132.0 0.5 yaw -75 pitch -78 | ground 82 | nearest 9.99 | player 0.5 112.0 0.5 (60 away)
[01:05:04] [Render thread/INFO] (shootingstar) [selftest] screenshot 08_age042_rise.png
[01:05:06] [Render thread/INFO] (shootingstar) [selftest] screenshot 09_age050_rise.png
[01:05:06] [Render thread/INFO] (shootingstar) [perf] age 51 | server.tick 14.52/37.07 ms (20)  world 149.09/288.88 ms (30)  thunder.storm 105.93/175.21 ms (30)  thunder.dust 0.02/0.03 ms (30)  thunder.rings 0.77/4.99 ms (27)  thunder.grade 1.31/8.15 ms (30)  thunder.light 6.10/7.45 ms (3)  thunder.bloom 36.35/49.57 ms (3)  | light pending client true server false | pC: 1931, pU: 05, aB: 00 | particles 0
[01:05:06] [Render thread/INFO] (shootingstar) [probe] 4.00s after cam 121.0 188.2 0.5 yaw -35 pitch -88 | ground 93 | nearest 9.99 | player 0.5 112.0 0.5 (142 away)
[01:05:07] [Render thread/INFO] (shootingstar) Loaded feed/earth_day.jpg (4096x2048)
[01:05:07] [Render thread/INFO] (shootingstar) Loaded feed/earth_night.jpg (2048x1024)
[01:05:07] [Render thread/INFO] (shootingstar) Loaded feed/earth_clouds.jpg (2048x1024)
[01:05:07] [Render thread/INFO] (shootingstar) Loaded feed/jupiter.jpg (2048x1024)
[01:05:07] [Render thread/INFO] (shootingstar) Loaded feed/milkyway.jpg (4096x2048)
[01:05:09] [Render thread/INFO] (shootingstar) [selftest] screenshot 10_age058_orbit.png
[01:05:11] [Render thread/INFO] (shootingstar) [probe] 4.50s after cam 125.5 210.3 0.5 yaw -20 pitch -88 | ground 94 | nearest 9.99 | player 0.5 112.0 0.5 (158 away)
[01:05:14] [Render thread/INFO] (shootingstar) [selftest] screenshot 11_age070_orbit.png
[01:05:14] [Render thread/INFO] (shootingstar) [perf] age 71 | server.tick 8.91/18.75 ms (20)  world 161.21/217.36 ms (5)  thunder.storm 100.21/146.84 ms (5)  thunder.dust 0.02/0.02 ms (5)  thunder.grade 4.82/5.35 ms (5)  thunder.light 4.86/6.26 ms (5)  thunder.bloom 26.89/28.16 ms (5)  thunder.feed 274.29/1257.17 ms (25)  | light pending client true server false | pC: 1953, pU: 05, aB: 00 | particles 0
[01:05:15] [Render thread/INFO] (shootingstar) [probe] 5.00s after cam 125.5 210.3 0.5 yaw -20 pitch -88 | ground 94 | nearest 9.99 | player 0.5 112.0 0.5 (158 away)
[01:05:15] [Render thread/INFO] (shootingstar) [capture] 150 frames (5.0 s of video), 10 stalls
[01:05:19] [Render thread/INFO] (shootingstar) [probe] 5.50s after cam 125.5 210.3 0.5 yaw -20 pitch -88 | ground 94 | nearest 9.99 | player 0.5 112.0 0.5 (158 away)
[01:05:22] [Render thread/INFO] (shootingstar) [selftest] screenshot 12_age090_orbit.png
[01:05:22] [Render thread/INFO] (shootingstar) [perf] age 91 | server.tick 10.48/18.83 ms (20)  thunder.feed 254.60/411.78 ms (30)  | light pending client true server false | pC: 1953, pU: 05, aB: 00 | particles 0
[01:05:23] [Render thread/INFO] (shootingstar) [probe] 6.00s after cam 125.5 210.3 0.5 yaw -20 pitch -88 | ground 94 | nearest 9.99 | player 0.5 112.0 0.5 (158 away)
[01:05:26] [Render thread/INFO] (shootingstar) [probe] 6.50s after cam 125.5 210.3 0.5 yaw -20 pitch -88 | ground 94 | nearest 9.99 | player 0.5 112.0 0.5 (158 away)
[01:05:29] [Render thread/INFO] (shootingstar) [selftest] screenshot 13_age110_orbit.png
[01:05:29] [Render thread/INFO] (shootingstar) [perf] age 111 | server.tick 11.15/23.94 ms (20)  thunder.feed 195.89/311.17 ms (30)  | light pending client true server false | pC: 1953, pU: 05, aB: 00 | particles 0
[01:05:29] [Render thread/INFO] (shootingstar) [probe] 7.00s after cam 125.5 210.3 0.5 yaw -20 pitch -88 | ground 94 | nearest 9.99 | player 0.5 112.0 0.5 (158 away)
[01:05:32] [Render thread/INFO] (shootingstar) [probe] 7.50s after cam 125.5 210.3 0.5 yaw -20 pitch -88 | ground 94 | nearest 9.99 | player 0.5 112.0 0.5 (158 away)
[01:05:32] [Render thread/INFO] (shootingstar) [selftest] screenshot 14_age125_draw.png
[01:05:34] [Render thread/INFO] (shootingstar) [perf] age 131 | server.tick 9.05/17.36 ms (20)  thunder.feed 154.14/263.59 ms (30)  | light pending client true server false | pC: 1953, pU: 05, aB: 00 | particles 0
[01:05:34] [Render thread/INFO] (shootingstar) [probe] 8.00s after cam 125.5 210.3 0.5 yaw -20 pitch -88 | ground 94 | nearest 9.99 | player 0.5 112.0 0.5 (158 away)
[01:05:36] [Render thread/INFO] (shootingstar) [probe] 8.50s after cam 125.5 210.3 0.5 yaw -20 pitch -88 | ground 94 | nearest 9.99 | player 0.5 112.0 0.5 (158 away)
[01:05:37] [Render thread/INFO] (shootingstar) [selftest] screenshot 15_age145_draw.png
[01:05:39] [Render thread/INFO] (shootingstar) [perf] age 151 | server.tick 7.74/15.61 ms (20)  thunder.feed 145.03/189.31 ms (30)  | light pending client true server false | pC: 1953, pU: 05, aB: 00 | particles 0
[01:05:39] [Render thread/INFO] (shootingstar) [probe] 9.00s after cam 125.5 210.3 0.5 yaw -20 pitch -88 | ground 94 | nearest 9.99 | player 0.5 112.0 0.5 (158 away)
[01:05:43] [Render thread/INFO] (shootingstar) [probe] 9.50s after cam 125.5 210.3 0.5 yaw -20 pitch -88 | ground 94 | nearest 9.99 | player 0.5 112.0 0.5 (158 away)
[01:05:44] [Render thread/INFO] (shootingstar) [selftest] screenshot 16_age165_draw.png
[01:05:46] [Render thread/INFO] (shootingstar) [perf] age 171 | server.tick 11.04/52.04 ms (20)  thunder.feed 211.00/406.08 ms (30)  | light pending client true server false | pC: 1953, pU: 05, aB: 00 | particles 0
[01:05:46] [Render thread/INFO] (shootingstar) [probe] 10.00s after cam 125.5 210.3 0.5 yaw -20 pitch -88 | ground 94 | nearest 9.99 | player 0.5 112.0 0.5 (158 away)
[01:05:46] [Render thread/INFO] (shootingstar) [capture] 300 frames (10.0 s of video), 10 stalls
[01:05:49] [Render thread/INFO] (shootingstar) [probe] 10.50s after cam 125.5 210.3 0.5 yaw -20 pitch -88 | ground 94 | nearest 9.99 | player 0.5 112.0 0.5 (158 away)
[01:05:51] [Render thread/INFO] (shootingstar) [selftest] screenshot 17_age185_draw.png
[01:05:53] [Render thread/INFO] (shootingstar) [perf] age 191 | server.tick 5.45/11.89 ms (20)  thunder.feed 215.75/338.08 ms (30)  | light pending client true server false | pC: 1953, pU: 05, aB: 00 | particles 0
[01:05:53] [Render thread/INFO] (shootingstar) [probe] 11.00s after cam 125.5 210.3 0.5 yaw -20 pitch -88 | ground 94 | nearest 9.99 | player 0.5 112.0 0.5 (158 away)
[01:05:56] [Render thread/INFO] (shootingstar) [selftest] screenshot 18_age200_draw.png
[01:05:57] [Render thread/INFO] (shootingstar) [probe] 11.50s after cam 125.5 210.3 0.5 yaw -20 pitch -88 | ground 94 | nearest 9.99 | player 0.5 112.0 0.5 (158 away)
[01:06:00] [Render thread/INFO] (shootingstar) [perf] age 211 | server.tick 5.14/10.90 ms (20)  thunder.feed 233.61/358.50 ms (30)  | light pending client true server false | pC: 1953, pU: 05, aB: 00 | particles 0
[01:06:00] [Render thread/INFO] (shootingstar) [probe] 12.00s after cam 125.5 210.3 0.5 yaw -20 pitch -88 | ground 94 | nearest 9.99 | player 0.5 112.0 0.5 (158 away)
[01:06:01] [Render thread/INFO] (shootingstar) [selftest] screenshot 19_age212_forge.png
[01:06:05] [Render thread/INFO] (shootingstar) [probe] 12.50s after cam 125.5 210.3 0.5 yaw -20 pitch -88 | ground 94 | nearest 9.99 | player 0.5 112.0 0.5 (158 away)
[01:06:07] [Render thread/INFO] (shootingstar) [selftest] screenshot 20_age228_forge.png
[01:06:09] [Render thread/INFO] (shootingstar) [perf] age 231 | server.tick 8.01/14.85 ms (20)  thunder.feed 263.43/429.91 ms (30)  | light pending client true server false | pC: 1953, pU: 05, aB: 00 | particles 0
[01:06:09] [Render thread/INFO] (shootingstar) [probe] 13.00s after cam 125.5 210.3 0.5 yaw -20 pitch -88 | ground 94 | nearest 9.99 | player 0.5 112.0 0.5 (158 away)
[01:06:14] [Render thread/INFO] (shootingstar) [probe] 13.50s after cam 125.5 210.3 0.5 yaw -20 pitch -88 | ground 94 | nearest 9.99 | player 0.5 112.0 0.5 (158 away)
[01:06:15] [Render thread/INFO] (shootingstar) [selftest] screenshot 21_age244_forge.png
[01:06:19] [Render thread/INFO] (shootingstar) [perf] age 251 | server.tick 7.16/12.75 ms (20)  thunder.feed 327.23/470.52 ms (30)  | light pending client true server false | pC: 1953, pU: 05, aB: 00 | particles 0
[01:06:19] [Render thread/INFO] (shootingstar) [probe] 14.00s after cam 125.5 210.3 0.5 yaw -20 pitch -88 | ground 94 | nearest 9.99 | player 0.5 112.0 0.5 (158 away)
[01:06:23] [Render thread/INFO] (shootingstar) [selftest] screenshot 22_age260_forge.png
[01:06:23] [Render thread/INFO] (shootingstar) [probe] 14.50s after cam 125.5 210.3 0.5 yaw -20 pitch -88 | ground 94 | nearest 9.99 | player 0.5 112.0 0.5 (158 away)
[01:06:26] [Server thread/WARN] (Minecraft) Can't keep up! Is the server overloaded? Running 83654ms or 1673 ticks behind
[01:06:27] [Render thread/INFO] (shootingstar) [perf] age 271 | server.tick 7.33/10.30 ms (20)  thunder.feed 266.50/415.60 ms (30)  | light pending client true server false | pC: 1953, pU: 05, aB: 00 | particles 0
[01:06:28] [Render thread/INFO] (shootingstar) [probe] 15.00s after cam 125.5 210.3 0.5 yaw -20 pitch -88 | ground 94 | nearest 9.99 | player 0.5 112.0 0.5 (158 away)
[01:06:28] [Render thread/INFO] (shootingstar) [capture] 450 frames (15.0 s of video), 10 stalls
[01:06:28] [Render thread/INFO] (shootingstar) [selftest] screenshot 23_age272_forge.png
[01:06:31] [Render thread/INFO] (shootingstar) [selftest] screenshot 24_age280_leader.png
[01:06:32] [Render thread/INFO] (shootingstar) [probe] 15.50s after cam 125.5 210.3 0.5 yaw -20 pitch -88 | ground 94 | nearest 9.99 | player 0.5 112.0 0.5 (158 away)
[01:06:36] [Render thread/INFO] (shootingstar) [perf] age 291 | server.tick 6.03/11.84 ms (20)  thunder.feed 263.56/405.57 ms (30)  | light pending client true server false | pC: 1953, pU: 05, aB: 00 | particles 0
[01:06:36] [Render thread/INFO] (shootingstar) [probe] 16.00s after cam 125.5 210.3 0.5 yaw -20 pitch -88 | ground 94 | nearest 9.99 | player 0.5 112.0 0.5 (158 away)
[01:06:36] [Render thread/INFO] (shootingstar) [selftest] screenshot 25_age292_leader.png
[01:06:40] [Render thread/INFO] (shootingstar) [probe] 16.50s after cam 125.5 210.3 0.5 yaw -20 pitch -88 | ground 94 | nearest 9.99 | player 0.5 112.0 0.5 (158 away)
[01:06:41] [Render thread/INFO] (shootingstar) [selftest] screenshot 26_age304_leader.png
[01:06:44] [Render thread/INFO] (shootingstar) [perf] age 311 | server.tick 6.51/12.89 ms (20)  thunder.feed 270.72/496.33 ms (30)  | light pending client true server false | pC: 1953, pU: 05, aB: 00 | particles 0
[01:06:44] [Render thread/INFO] (shootingstar) [probe] 17.00s after cam 125.5 210.3 0.5 yaw -20 pitch -88 | ground 94 | nearest 9.99 | player 0.5 112.0 0.5 (158 away)
[01:06:46] [Render thread/INFO] (shootingstar) [selftest] screenshot 27_age316_leader.png
[01:06:49] [Render thread/INFO] (shootingstar) [probe] 17.50s after cam 125.5 210.3 0.5 yaw -20 pitch -88 | ground 94 | nearest 9.99 | player 0.5 112.0 0.5 (158 away)
[01:06:51] [Render thread/INFO] (shootingstar) [selftest] screenshot 28_age326_inbound.png
[01:06:52] [Render thread/INFO] (shootingstar) [selftest] screenshot 29_age330_inbound.png
[01:06:53] [Render thread/INFO] (shootingstar) [perf] age 331 | server.tick 5.79/12.03 ms (20)  world 285.86/364.03 ms (7)  thunder.storm 147.44/204.06 ms (7)  thunder.dust 0.02/0.03 ms (7)  thunder.grade 10.36/17.64 ms (7)  thunder.light 14.20/32.73 ms (7)  thunder.bloom 53.79/85.19 ms (7)  thunder.feed 262.82/310.96 ms (23)  | light pending client true server false | pC: 3755, pU: 00, aB: 00 | particles 8
[01:06:53] [Render thread/INFO] (shootingstar) [probe] 18.00s after cam -2.9 113.1 1.8 yaw -91 pitch -21 | ground 111 | nearest 0.80 | player 0.5 112.0 0.5 (4 away)
[01:06:54] [Render thread/INFO] (shootingstar) [selftest] screenshot 30_age336_inbound.png
[01:06:56] [Render thread/INFO] (shootingstar) [probe] 18.50s after cam -2.3 113.1 1.8 yaw -91 pitch -22 | ground 111 | nearest 0.81 | player 0.5 112.0 0.5 (3 away)
[01:06:57] [Render thread/INFO] (shootingstar) [selftest] screenshot 31_age344_inbound.png
[01:06:59] [Render thread/INFO] (shootingstar) [perf] age 351 | server.tick 7.02/19.11 ms (20)  world 181.37/355.14 ms (30)  thunder.storm 96.60/188.02 ms (30)  thunder.dust 0.01/0.03 ms (30)  thunder.grade 0.01/0.02 ms (30)  thunder.light 9.35/23.29 ms (30)  thunder.bloom 36.47/83.41 ms (30)  | light pending client true server false | pC: 4167, pU: 07, aB: 00 | particles 45
[01:06:59] [Render thread/INFO] (shootingstar) [probe] 19.00s after cam 41.7 106.5 0.5 yaw -90 pitch -22 | ground 100 | nearest 9.99 | player 0.5 112.0 0.5 (42 away)
[01:06:59] [Render thread/INFO] (shootingstar) [selftest] screenshot 32_age352_inbound.png
[01:07:00] [Render thread/INFO] (shootingstar) [selftest] screenshot 33_age358_inbound.png
[01:07:01] [Render thread/INFO] (shootingstar) [probe] 19.50s after cam 42.6 106.5 0.5 yaw -90 pitch -22 | ground 98 | nearest 9.99 | player 0.5 112.0 0.5 (43 away)
[01:07:01] [Render thread/INFO] (shootingstar) [selftest] screenshot 34_age362_inbound.png
[01:07:02] [Render thread/INFO] (shootingstar) [selftest] screenshot 35_age365_inbound.png
[01:07:02] [Server thread/INFO] (Minecraft) Player962 has completed the challenge [Chain Lightning]
[01:07:02] [Server thread/INFO] (Minecraft) Player962 has reached the goal [The Global Circuit]
[01:07:02] [Server thread/INFO] (shootingstar) Mjölnir #1 stroke at 125, 93, 0
[01:07:02] [Render thread/INFO] (Minecraft) [System] [CHAT] Player962 has completed the challenge [Chain Lightning]
[01:07:02] [Render thread/INFO] (Minecraft) [System] [CHAT] Player962 has reached the goal [The Global Circuit]
[01:07:02] [Render thread/INFO] (Minecraft) Loaded 12 advancements
[01:07:02] [Render thread/INFO] (shootingstar) [selftest] screenshot 36_age366_stroke.png
[01:07:03] [Render thread/INFO] (shootingstar) [selftest] screenshot 37_age367_stroke.png
[01:07:03] [Render thread/INFO] (shootingstar) [selftest] screenshot 38_age368_stroke.png
[01:07:04] [Render thread/INFO] (shootingstar) [selftest] screenshot 39_age369_stroke.png
[01:07:04] [Render thread/INFO] (shootingstar) [perf] age 370 | server.tick 21.07/126.00 ms (21)  world 159.15/308.48 ms (30)  thunder.storm 73.70/119.23 ms (30)  thunder.dust 4.27/86.26 ms (30)  thunder.grade 5.90/47.66 ms (30)  thunder.light 7.71/12.42 ms (30)  thunder.bloom 27.76/34.05 ms (30)  | light pending client true server false | pC: 1616, pU: 07, aB: 00 | particles 46
[01:07:04] [Render thread/INFO] (shootingstar) [probe] 20.00s after cam 40.8 106.5 0.5 yaw -90 pitch -21 | ground 102 | nearest 9.99 | player 0.5 112.0 0.5 (41 away)
[01:07:04] [Render thread/INFO] (shootingstar) [capture] 600 frames (20.0 s of video), 10 stalls
[01:07:05] [Render thread/INFO] (shootingstar) [selftest] screenshot 40_age371_stroke.png
[01:07:05] [Server thread/INFO] (Minecraft) Player962 has completed the challenge [Supercharged]
[01:07:05] [Server thread/INFO] (Minecraft) Villager VillagerEntity['Villager'/92, l='ServerLevel[selftest]', x=33.80, y=95.00, z=10.21] was struck by lightning LightningEntity['Lightning Bolt'/366, l='ServerLevel[selftest]', x=33.80, y=95.00, z=10.21].
[01:07:05] [Render thread/INFO] (Minecraft) [System] [CHAT] Player962 has completed the challenge [Supercharged]
[01:07:05] [Render thread/INFO] (Minecraft) Loaded 12 advancements
[01:07:05] [Server thread/INFO] (Minecraft) Player962 has made the advancement [Monster Hunter]
[01:07:05] [Render thread/INFO] (Minecraft) [System] [CHAT] Player962 has made the advancement [Monster Hunter]
[01:07:05] [Render thread/INFO] (shootingstar) [selftest] screenshot 41_age373_stroke.png
[01:07:06] [Render thread/INFO] (Minecraft) Loaded 51 advancements
[01:07:06] [Render thread/INFO] (shootingstar) [selftest] screenshot 42_age375_stroke.png
[01:07:07] [Render thread/INFO] (shootingstar) [selftest] screenshot 43_age377_stroke.png
[01:07:08] [Render thread/INFO] (shootingstar) [selftest] screenshot 44_age380_stroke.png
[01:07:08] [Render thread/INFO] (shootingstar) [probe] 20.50s after cam 40.2 106.5 0.5 yaw -90 pitch -21 | ground 102 | nearest 9.99 | player 0.5 112.0 0.5 (40 away)
[01:07:09] [Render thread/INFO] (shootingstar) [selftest] screenshot 45_age383_stroke.png
[01:07:10] [Render thread/INFO] (shootingstar) [selftest] screenshot 46_age386_stroke.png
[01:07:11] [Render thread/INFO] (shootingstar) [selftest] screenshot 47_age389_stroke.png
[01:07:11] [Render thread/INFO] (shootingstar) [perf] age 390 | server.tick 15.99/53.62 ms (19)  world 229.09/387.89 ms (30)  thunder.storm 77.89/140.37 ms (30)  thunder.dust 18.62/40.77 ms (30)  thunder.grade 35.74/60.93 ms (30)  thunder.light 11.69/22.54 ms (30)  thunder.bloom 32.39/63.13 ms (30)  | light pending client true server false | pC: 2593, pU: 10, aB: 00 | particles 114
[01:07:11] [Render thread/INFO] (shootingstar) [probe] 21.00s after cam 40.1 106.5 0.5 yaw -90 pitch -21 | ground 102 | nearest 9.99 | player 0.5 112.0 0.5 (40 away)
[01:07:12] [Render thread/INFO] (shootingstar) [selftest] screenshot 48_age392_overhead.png
[01:07:13] [Render thread/INFO] (shootingstar) [selftest] screenshot 49_age396_overhead.png
[01:07:14] [Render thread/INFO] (shootingstar) [probe] 21.50s after cam 125.5 191.0 0.5 yaw 359 pitch 90 | ground 85 | nearest 9.99 | player 0.5 112.0 0.5 (147 away)
[01:07:14] [Render thread/INFO] (shootingstar) [selftest] screenshot 50_age402_overhead.png
[01:07:16] [Render thread/INFO] (shootingstar) [perf] age 410 | server.tick 6.75/16.77 ms (20)  world 154.04/260.31 ms (30)  thunder.storm 11.73/66.18 ms (30)  thunder.dust 17.39/27.83 ms (30)  thunder.grade 4.37/34.03 ms (30)  thunder.light 15.06/20.79 ms (30)  thunder.bloom 28.12/34.67 ms (30)  | light pending client true server false | pC: 5339, pU: 07, aB: 00 | particles 196
[01:07:16] [Render thread/INFO] (shootingstar) [probe] 22.00s after cam 125.5 191.0 0.5 yaw 362 pitch 90 | ground 85 | nearest 9.99 | player 0.5 112.0 0.5 (147 away)
[01:07:17] [Render thread/INFO] (shootingstar) [selftest] screenshot 51_age412_overhead.png
[01:07:19] [Render thread/INFO] (shootingstar) [probe] 22.50s after cam 125.5 191.0 0.5 yaw 366 pitch 90 | ground 85 | nearest 9.99 | player 0.5 112.0 0.5 (147 away)
[01:07:20] [Render thread/INFO] (shootingstar) [selftest] screenshot 52_age425_overhead.png
[01:07:21] [Render thread/INFO] (shootingstar) [perf] age 430 | server.tick 6.62/21.88 ms (20)  world 153.41/238.98 ms (30)  thunder.storm 1.67/4.91 ms (30)  thunder.dust 23.50/62.78 ms (30)  thunder.grade 0.03/0.04 ms (30)  thunder.light 16.70/34.10 ms (30)  thunder.bloom 27.86/41.15 ms (30)  | light pending client true server false | pC: 5113, pU: 05, aB: 00 | particles 128
[01:07:22] [Render thread/INFO] (shootingstar) [probe] 23.00s after cam 125.2 189.9 2.3 yaw 365 pitch 90 | ground 84 | nearest 9.99 | player 0.5 112.0 0.5 (146 away)
[01:07:24] [Render thread/INFO] (shootingstar) [selftest] screenshot 53_age440_overhead.png
[01:07:24] [Render thread/INFO] (shootingstar) [probe] 23.50s after cam 122.6 183.3 13.3 yaw 344 pitch 89 | ground 82 | nearest 9.99 | player 0.5 112.0 0.5 (141 away)
[01:07:27] [Render thread/INFO] (shootingstar) [perf] age 450 | server.tick 5.72/30.03 ms (20)  world 167.33/299.30 ms (30)  thunder.storm 1.68/4.61 ms (30)  thunder.dust 32.87/69.96 ms (30)  thunder.grade 0.02/0.03 ms (30)  thunder.light 17.61/35.65 ms (30)  thunder.bloom 29.79/68.34 ms (30)  | light pending client true server false | pC: 5720, pU: 04, aB: 00 | particles 93
[01:07:27] [Render thread/INFO] (shootingstar) [probe] 24.00s after cam 116.7 172.9 30.3 yaw 444 pitch 81 | ground 97 | nearest 9.99 | player 0.5 112.0 0.5 (134 away)
[01:07:28] [Render thread/INFO] (shootingstar) [selftest] screenshot 54_age455_overhead.png
[01:07:29] [Render thread/INFO] (shootingstar) [probe] 24.50s after cam 108.0 161.1 48.8 yaw 269 pitch 65 | ground 106 | nearest 9.99 | player 0.5 112.0 0.5 (127 away)
[01:07:31] [Render thread/INFO] (shootingstar) [perf] age 470 | server.tick 4.40/8.58 ms (20)  world 142.73/188.79 ms (30)  thunder.storm 1.45/1.76 ms (30)  thunder.dust 24.44/35.14 ms (30)  thunder.grade 0.02/0.03 ms (30)  thunder.light 15.73/20.19 ms (30)  thunder.bloom 27.05/34.67 ms (30)  | light pending client true server false | pC: 6558, pU: 05, aB: 00 | particles 63
[01:07:31] [Render thread/INFO] (shootingstar) [selftest] screenshot 55_age470_overhead.png
[01:07:32] [Render thread/INFO] (shootingstar) [probe] 25.00s after cam 97.9 150.5 64.3 yaw 233 pitch 43 | ground 106 | nearest 9.99 | player 0.5 112.0 0.5 (122 away)
[01:07:32] [Render thread/INFO] (shootingstar) [capture] 750 frames (25.0 s of video), 10 stalls
[01:07:34] [Render thread/INFO] (shootingstar) [probe] 25.50s after cam 88.8 143.7 72.9 yaw 211 pitch 26 | ground 107 | nearest 9.99 | player 0.5 112.0 0.5 (118 away)
[01:07:35] [Render thread/INFO] (shootingstar) [selftest] screenshot 56_age486_back.png
[01:07:36] [Render thread/INFO] (shootingstar) [perf] age 490 | server.tick 4.16/6.82 ms (20)  world 128.43/160.22 ms (30)  thunder.storm 1.56/2.14 ms (30)  thunder.dust 12.49/22.15 ms (30)  thunder.grade 0.01/0.05 ms (30)  thunder.light 13.53/17.69 ms (30)  thunder.bloom 27.23/34.46 ms (30)  | light pending client true server false | pC: 6543, pU: 07, aB: 00 | particles 42
[01:07:36] [Render thread/INFO] (shootingstar) [probe] 26.00s after cam 80.3 143.7 69.6 yaw 575 pitch 22 | ground 102 | nearest 9.99 | player 0.5 112.0 0.5 (110 away)
[01:07:38] [Render thread/INFO] (shootingstar) [selftest] screenshot 57_age500_back.png
[01:07:38] [Render thread/INFO] (shootingstar) [probe] 26.50s after cam 3.2 136.7 2.9 yaw 250 pitch 14 | ground 107 | nearest 9.99 | player 0.5 112.0 0.5 (23 away)
[01:07:40] [Render thread/INFO] (shootingstar) [perf] age 510 | server.tick 5.87/32.34 ms (20)  world 132.56/167.04 ms (30)  thunder.storm 12.35/19.44 ms (30)  thunder.dust 9.19/16.24 ms (30)  thunder.grade 0.00/0.00 ms (30)  thunder.light 11.18/14.20 ms (30)  thunder.bloom 27.43/35.03 ms (30)  | light pending client true server false | pC: 6901, pU: 04, aB: 00 | particles 33
[01:07:40] [Render thread/INFO] (shootingstar) [probe] 27.00s after cam 0.5 113.6 0.5 yaw -90 pitch 9 | ground 112 | nearest 0.80 | player 0.5 112.0 0.5 (0 away)
[01:07:41] [Render thread/INFO] (shootingstar) [selftest] screenshot 58_age512_after.png
[01:07:43] [Render thread/INFO] (shootingstar) [probe] 27.50s after cam 0.5 113.6 0.5 yaw -90 pitch 9 | ground 112 | nearest 0.80 | player 0.5 112.0 0.5 (0 away)
[01:07:44] [Render thread/INFO] (shootingstar) [perf] age 530 | server.tick 3.86/8.08 ms (20)  world 115.01/164.93 ms (30)  thunder.storm 16.66/20.48 ms (30)  thunder.dust 7.06/9.58 ms (30)  thunder.rings 0.02/0.05 ms (11)  thunder.grade 0.00/0.00 ms (30)  thunder.light 11.88/14.87 ms (19)  thunder.bloom 27.03/33.65 ms (19)  | light pending client true server false | pC: 5792, pU: 07, aB: 00 | particles 13
[01:07:44] [Render thread/INFO] (shootingstar) [selftest] screenshot 59_age530_after.png
[01:07:44] [Render thread/INFO] (shootingstar) [probe] 28.00s after cam 0.5 113.6 0.5 yaw -90 pitch 9 | ground 112 | nearest 0.80 | player 0.5 112.0 0.5 (0 away)
[01:07:46] [Render thread/INFO] (shootingstar) [probe] 28.50s after cam 0.5 113.6 0.5 yaw -90 pitch 9 | ground 112 | nearest 0.80 | player 0.5 112.0 0.5 (0 away)
[01:07:46] [Server thread/INFO] (shootingstar) [selftest] after the strike: zombie removed(KILLED) hp 0.0 dead at 36 from the strike; zombie removed(KILLED) hp 0.0 dead at 61 from the strike; creeper hp 20.0 charged at 92 from the strike; pig removed(DISCARDED) hp 3.4 dead at 83 from the strike; villager removed(DISCARDED) hp 15.8 dead at 92 from the strike; | 1189 charged fulgurite, 125 fires in the top 20 blocks
[01:07:48] [Render thread/INFO] (shootingstar) [perf] age 550 | server.tick 5.73/21.52 ms (20)  world 91.77/122.85 ms (30)  thunder.storm 18.02/28.02 ms (30)  thunder.dust 7.25/10.22 ms (30)  thunder.rings 0.01/0.03 ms (30)  thunder.grade 0.00/0.01 ms (30)  | light pending client true server false | pC: 5298, pU: 05, aB: 00 | particles 4
[01:07:48] [Render thread/INFO] (shootingstar) [probe] 29.00s after cam 8.0 119.2 11.2 yaw -97 pitch 11 | ground 102 | nearest 9.99 | player 0.5 112.0 0.5 (14 away)
[01:07:49] [Render thread/INFO] (shootingstar) [selftest] screenshot 60_age560_after.png
[01:07:49] [Render thread/INFO] (shootingstar) [probe] 29.50s after cam 27.7 134.5 39.6 yaw -114 pitch 16 | ground 80 | nearest 9.99 | player 0.5 112.0 0.5 (52 away)
[01:07:50] [Server thread/WARN] (Minecraft) Can't keep up! Is the server overloaded? Running 68501ms or 1370 ticks behind
[01:07:50] [Render thread/INFO] (shootingstar) [perf] age 570 | server.tick 4.96/9.98 ms (20)  world 72.40/106.66 ms (30)  thunder.storm 3.84/18.76 ms (30)  thunder.dust 7.46/9.98 ms (30)  thunder.rings 0.01/0.02 ms (30)  thunder.grade 0.00/0.00 ms (30)  | light pending client true server false | pC: 5355, pU: 04, aB: 00 | particles 2
[01:07:50] [Render thread/INFO] (shootingstar) [probe] 30.00s after cam 47.1 150.9 67.9 yaw -131 pitch 21 | ground 74 | nearest 9.99 | player 0.5 112.0 0.5 (90 away)
[01:07:50] [Render thread/INFO] (shootingstar) [capture] 900 frames (30.0 s of video), 10 stalls
[01:07:51] [Render thread/INFO] (shootingstar) [probe] 30.50s after cam 54.9 159.8 79.6 yaw -138 pitch 24 | ground 95 | nearest 9.99 | player 0.5 112.0 0.5 (107 away)
[01:07:53] [Render thread/INFO] (shootingstar) [perf] age 590 | server.tick 3.57/6.56 ms (20)  world 67.38/85.94 ms (30)  thunder.storm 0.01/0.02 ms (30)  thunder.dust 6.24/8.91 ms (30)  thunder.rings 0.01/0.04 ms (30)  thunder.grade 0.00/0.00 ms (30)  | light pending client true server false | pC: 5237, pU: 05, aB: 00 | particles 0
[01:07:53] [Render thread/INFO] (shootingstar) [probe] 31.00s after cam 51.3 160.0 74.4 yaw -135 pitch 24 | ground 92 | nearest 9.99 | player 0.5 112.0 0.5 (101 away)
[01:07:54] [Render thread/INFO] (shootingstar) [selftest] screenshot 61_age600_after.png
[01:07:54] [Render thread/INFO] (shootingstar) [probe] 31.50s after cam 47.5 160.0 67.7 yaw -131 pitch 24 | ground 74 | nearest 9.99 | player 0.5 112.0 0.5 (94 away)
[01:07:55] [Render thread/INFO] (shootingstar) [perf] age -1 | server.tick 4.14/8.91 ms (20)  world 65.68/81.29 ms (30)  thunder.storm 0.02/0.02 ms (30)  thunder.dust 5.75/7.41 ms (30)  thunder.rings 0.01/0.01 ms (30)  thunder.grade 0.00/0.01 ms (30)  | light pending client true server false | pC: 5176, pU: 06, aB: 00 | particles 0
[01:07:55] [Render thread/INFO] (shootingstar) [probe] 32.00s after cam 43.8 160.0 60.0 yaw -126 pitch 25 | ground 84 | nearest 9.99 | player 0.5 112.0 0.5 (87 away)
[01:07:56] [Render thread/INFO] (shootingstar) [probe] 32.50s after cam 40.6 160.0 51.3 yaw -121 pitch 25 | ground 85 | nearest 9.99 | player 0.5 112.0 0.5 (80 away)
[01:07:57] [Render thread/INFO] (shootingstar) [perf] age -1 | server.tick 3.65/8.20 ms (20)  world 66.84/75.50 ms (30)  thunder.storm 0.01/0.02 ms (30)  thunder.dust 5.33/7.38 ms (30)  thunder.rings 0.00/0.00 ms (30)  thunder.grade 0.00/0.00 ms (30)  | light pending client true server false | pC: 5114, pU: 07, aB: 00 | particles 0
[01:07:57] [Render thread/INFO] (shootingstar) [probe] 33.00s after cam 38.1 160.0 41.9 yaw -115 pitch 26 | ground 84 | nearest 9.99 | player 0.5 112.0 0.5 (73 away)
[01:07:58] [Render thread/INFO] (shootingstar) [probe] 33.50s after cam 36.6 160.0 32.0 yaw -109 pitch 26 | ground 83 | nearest 9.99 | player 0.5 112.0 0.5 (67 away)
[01:07:59] [Render thread/INFO] (shootingstar) [perf] age -1 | server.tick 4.28/11.86 ms (20)  world 63.03/71.42 ms (30)  thunder.storm 0.02/0.02 ms (30)  thunder.dust 5.12/6.57 ms (30)  thunder.rings 0.00/0.00 ms (30)  thunder.grade 0.00/0.00 ms (30)  | light pending client true server false | pC: 5106, pU: 05, aB: 00 | particles 0
[01:07:59] [Render thread/INFO] (shootingstar) [probe] 34.00s after cam 36.1 160.0 21.8 yaw -103 pitch 27 | ground 87 | nearest 9.99 | player 0.5 112.0 0.5 (62 away)
[01:08:01] [Render thread/INFO] (shootingstar) [probe] 34.50s after cam 36.9 160.0 11.7 yaw -97 pitch 28 | ground 93 | nearest 9.99 | player 0.5 112.0 0.5 (60 away)
[01:08:02] [Render thread/INFO] (shootingstar) [perf] age -1 | server.tick 3.04/5.01 ms (21)  world 59.90/69.30 ms (30)  thunder.storm 0.02/0.03 ms (30)  thunder.dust 4.36/5.18 ms (30)  thunder.rings 0.00/0.00 ms (30)  thunder.grade 0.00/0.00 ms (30)  | light pending client true server false | pC: 4994, pU: 05, aB: 00 | particles 0
[01:08:02] [Render thread/INFO] (shootingstar) [selftest] screenshot 80_flyover_mid.png
[01:08:02] [Render thread/INFO] (shootingstar) [probe] 35.00s after cam 38.8 160.0 1.8 yaw -91 pitch 28 | ground 102 | nearest 9.99 | player 0.5 112.0 0.5 (60 away)
[01:08:02] [Render thread/INFO] (shootingstar) [capture] 1050 frames (35.0 s of video), 10 stalls
[01:08:03] [Render thread/INFO] (shootingstar) [probe] 35.50s after cam 41.7 160.0 -7.6 yaw -85 pitch 29 | ground 101 | nearest 9.99 | player 0.5 112.0 0.5 (63 away)
[01:08:04] [Render thread/INFO] (shootingstar) [perf] age -1 | server.tick 3.61/8.76 ms (19)  world 56.69/70.86 ms (30)  thunder.storm 0.01/0.03 ms (30)  thunder.dust 3.95/6.09 ms (30)  thunder.rings 0.00/0.01 ms (30)  thunder.grade 0.00/0.00 ms (30)  | light pending client true server false | pC: 4866, pU: 06, aB: 00 | particles 0
[01:08:04] [Render thread/INFO] (shootingstar) [probe] 36.00s after cam 45.6 160.0 -16.1 yaw -78 pitch 30 | ground 100 | nearest 9.99 | player 0.5 112.0 0.5 (67 away)
[01:08:05] [Render thread/INFO] (shootingstar) [probe] 36.50s after cam 50.2 160.0 -23.8 yaw -72 pitch 31 | ground 100 | nearest 9.99 | player 0.5 112.0 0.5 (72 away)
[01:08:06] [Render thread/INFO] (shootingstar) [perf] age -1 | server.tick 4.30/12.95 ms (21)  world 53.11/60.78 ms (30)  thunder.storm 0.02/0.07 ms (30)  thunder.dust 2.45/3.04 ms (30)  thunder.rings 0.00/0.00 ms (30)  thunder.grade 0.00/0.00 ms (30)  | light pending client true server true | pC: 4816, pU: 04, aB: 00 | particles 0
[01:08:06] [Render thread/INFO] (shootingstar) [probe] 37.00s after cam 55.3 160.0 -30.5 yaw -66 pitch 31 | ground 100 | nearest 9.99 | player 0.5 112.0 0.5 (78 away)
[01:08:07] [Render thread/INFO] (shootingstar) [probe] 37.50s after cam 60.7 160.0 -36.1 yaw -61 pitch 32 | ground 95 | nearest 9.99 | player 0.5 112.0 0.5 (84 away)
[01:08:08] [Render thread/INFO] (shootingstar) [perf] age -1 | server.tick 3.81/6.67 ms (19)  world 55.69/71.89 ms (30)  thunder.storm 0.02/0.02 ms (30)  thunder.dust 1.82/2.09 ms (30)  thunder.rings 0.00/0.01 ms (30)  thunder.grade 0.00/0.01 ms (30)  | light pending client true server false | pC: 4798, pU: 06, aB: 00 | particles 0
[01:08:08] [Render thread/INFO] (shootingstar) [probe] 38.00s after cam 66.1 160.0 -40.6 yaw -55 pitch 33 | ground 93 | nearest 9.99 | player 0.5 112.0 0.5 (90 away)
[01:08:09] [Render thread/INFO] (shootingstar) [probe] 38.50s after cam 71.3 160.0 -44.2 yaw -50 pitch 34 | ground 91 | nearest 9.99 | player 0.5 112.0 0.5 (96 away)
[01:08:10] [Render thread/INFO] (shootingstar) [perf] age -1 | server.tick 5.31/17.02 ms (20)  world 55.85/73.46 ms (30)  thunder.storm 0.02/0.03 ms (17)  thunder.dust 1.25/3.09 ms (17)  thunder.rings 0.00/0.00 ms (17)  thunder.grade 0.00/0.01 ms (17)  | light pending client true server false | pC: 4689, pU: 07, aB: 00 | particles 0
[01:08:10] [Render thread/INFO] (shootingstar) [probe] 39.00s after cam 76.0 160.0 -47.0 yaw -46 pitch 34 | ground 87 | nearest 9.99 | player 0.5 112.0 0.5 (101 away)
[01:08:11] [Render thread/INFO] (shootingstar) [probe] 39.50s after cam 80.2 160.0 -49.0 yaw -42 pitch 35 | ground 87 | nearest 9.99 | player 0.5 112.0 0.5 (105 away)
[01:08:12] [Render thread/INFO] (shootingstar) [perf] age -1 | server.tick 3.38/5.70 ms (20)  world 51.45/57.54 ms (30)  | light pending client true server false | pC: 4610, pU: 06, aB: 00 | particles 0
[01:08:12] [Render thread/INFO] (shootingstar) [probe] 40.00s after cam 83.7 160.0 -50.3 yaw -39 pitch 35 | ground 87 | nearest 9.99 | player 0.5 112.0 0.5 (108 away)
[01:08:12] [Render thread/INFO] (shootingstar) [capture] 1200 frames (40.0 s of video), 10 stalls
[01:08:13] [Render thread/INFO] (shootingstar) [probe] 40.50s after cam 86.4 160.0 -51.2 yaw -37 pitch 36 | ground 86 | nearest 9.99 | player 0.5 112.0 0.5 (110 away)
[01:08:13] [Render thread/INFO] (shootingstar) [perf] age -1 | server.tick 3.34/5.69 ms (21)  world 52.92/62.84 ms (30)  | light pending client true server true | pC: 4418, pU: 06, aB: 00 | particles 0
[01:08:14] [Render thread/INFO] (shootingstar) [probe] 41.00s after cam 88.1 160.0 -51.7 yaw -36 pitch 36 | ground 86 | nearest 9.99 | player 0.5 112.0 0.5 (112 away)
[01:08:14] [Render thread/INFO] (shootingstar) [selftest] screenshot 81_flyover_end.png
[01:08:15] [Server thread/WARN] (Minecraft) Can't keep up! Is the server overloaded? Running 9813ms or 196 ticks behind
[01:08:15] [Render thread/INFO] (shootingstar) [capture] ffmpeg finished: exit 0
[01:08:15] [Render thread/INFO] (shootingstar) [capture] stopped after 1244 frames (41.5 s), 10 stalled frames, 29 sounds
[01:08:21] [Render thread/INFO] (shootingstar) [selftest] screenshot 90_crater_above.png
[01:08:21] [Render thread/INFO] (Minecraft) Loaded 51 advancements
[01:08:26] [Render thread/INFO] (shootingstar) [selftest] screenshot 91_bolt.png
[01:08:31] [Render thread/INFO] (shootingstar) [selftest] screenshot 92_crater_close.png
[01:08:36] [Render thread/INFO] (shootingstar) [selftest] screenshot 93_scar.png
[01:08:42] [Render thread/INFO] (shootingstar) [selftest] screenshot 94_crater_night.png
[01:08:42] [Server thread/INFO] (shootingstar) [selftest] at the end: zombie removed(KILLED) hp 0.0 dead at 36 from the strike; zombie removed(KILLED) hp 0.0 dead at 61 from the strike; creeper hp 20.0 charged at 105 from the strike; pig removed(DISCARDED) hp 3.4 dead at 83 from the strike; villager removed(DISCARDED) hp 15.8 dead at 92 from the strike; | 1165 charged fulgurite, 1 fires in the top 20 blocks
[01:08:43] [Render thread/INFO] (shootingstar) [selftest] finished
[01:08:43] [Render thread/INFO] (Minecraft) Stopping!
[01:08:43] [Server thread/INFO] (Minecraft) Player962 lost connection: Disconnected
[01:08:43] [Server thread/INFO] (Minecraft) Player962 left the game
[01:08:43] [Server thread/INFO] (Minecraft) Stopping singleplayer server as player logged out
[01:08:43] [Server thread/INFO] (Minecraft) Stopping server
[01:08:43] [Server thread/INFO] (Minecraft) Saving players
[01:08:43] [Server thread/INFO] (Minecraft) Saving worlds
[01:08:44] [Server thread/INFO] (Minecraft) Saving chunks for level 'ServerLevel[selftest]'/minecraft:overworld
[01:08:44] [Server thread/INFO] (Minecraft) Saving chunks for level 'ServerLevel[selftest]'/minecraft:the_nether
[01:08:44] [Server thread/INFO] (Minecraft) Saving chunks for level 'ServerLevel[selftest]'/minecraft:the_end
[01:08:44] [Server thread/INFO] (Minecraft) ThreadedAnvilChunkStorage (selftest): All chunks are saved
[01:08:44] [Server thread/INFO] (Minecraft) ThreadedAnvilChunkStorage (DIM-1): All chunks are saved
[01:08:44] [Server thread/INFO] (Minecraft) ThreadedAnvilChunkStorage (DIM1): All chunks are saved
[01:08:44] [Server thread/INFO] (Minecraft) ThreadedAnvilChunkStorage: All dimensions are saved
